#
# There is insufficient memory for the Java Runtime Environment to continue.
# Native memory allocation (mmap) failed to map 268435456 bytes. Error detail: G1 virtual space
# Possible reasons:
#   The system is out of physical RAM or swap space
#   This process is running with CompressedOops enabled, and the Java Heap may be blocking the growth of the native heap
# Possible solutions:
#   Reduce memory load on the system
#   Increase physical memory or swap space
#   Check if swap backing store is full
#   Decrease Java heap size (-Xmx/-Xms)
#   Decrease number of Java threads
#   Decrease Java thread stack sizes (-Xss)
#   Set larger code cache with -XX:ReservedCodeCacheSize=
#   JVM is running with Zero Based Compressed Oops mode in which the Java heap is
#     placed in the first 32GB address space. The Java Heap base address is the
#     maximum limit for the native heap growth. Please use -XX:HeapBaseMinAddress
#     to set the Java Heap base and to place the Java Heap above 32GB virtual address.
# This output file may be truncated or incomplete.
#
#  Out of Memory Error (os_windows.cpp:3766), pid=11380, tid=44316
#
# JRE version:  (25.0.2+1) (build )
# Java VM: OpenJDK 64-Bit Server VM (25.0.2+1-b329.117, mixed mode, sharing, tiered, compressed oops, compressed class ptrs, g1 gc, windows-amd64)
# No core dump will be written. Minidumps are not enabled by default on client versions of Windows
#

---------------  S U M M A R Y ------------

Command Line: git4idea.http.GitAskPassApp Username for 'https://github.com': 

Host: Intel(R) Core(TM) i5-6300U CPU @ 2.40GHz, 4 cores, 15G,  Windows 11 , 64 bit Build 26100 (10.0.26100.3037)
Time: Tue May  5 01:38:49 2026 W. Central Africa Standard Time elapsed time: 0.026327 seconds (0d 0h 0m 0s)

---------------  T H R E A D  ---------------

Current thread (0x0000016afb089750):  JavaThread "Unknown thread" [_thread_in_vm, id=44316, stack(0x0000005d63700000,0x0000005d63800000) (1024K)]

Stack: [0x0000005d63700000,0x0000005d63800000]
Native frames: (J=compiled Java code, j=interpreted, Vv=VM code, C=native code)
V  [jvm.dll+0x7c0cc9]  (no source info available)
V  [jvm.dll+0x78a49d]  (no source info available)
V  [jvm.dll+0xa0e693]  (no source info available)
V  [jvm.dll+0xa10e8c]  (no source info available)
V  [jvm.dll+0xa11583]  (no source info available)
V  [jvm.dll+0x307b46]  (no source info available)
V  [jvm.dll+0x7bced5]  (no source info available)
V  [jvm.dll+0x7afe97]  (no source info available)
V  [jvm.dll+0x40159e]  (no source info available)
V  [jvm.dll+0x4093bb]  (no source info available)
V  [jvm.dll+0x3f5bf9]  (no source info available)
V  [jvm.dll+0x3f5eab]  (no source info available)
V  [jvm.dll+0x3cc053]  (no source info available)
V  [jvm.dll+0x3cccbe]  (no source info available)
V  [jvm.dll+0x9d4a07]  (no source info available)
V  [jvm.dll+0x466ce2]  (no source info available)
V  [jvm.dll+0x9b8139]  (no source info available)
V  [jvm.dll+0x508a01]  (no source info available)
V  [jvm.dll+0x50a371]  (no source info available)
C  [jli.dll+0x541a]  (no source info available)
C  [ucrtbase.dll+0x37b0]  (no source info available)
C  [KERNEL32.DLL+0x2e8d7]  (no source info available)
C  [ntdll.dll+0xbbf2c]  (no source info available)

Lock stack of current Java thread (top to bottom):


---------------  P R O C E S S  ---------------

Threads class SMR info:
_java_thread_list=0x00007ffdc5dd9108, length=0, elements={
}

Java Threads: ( => current thread )
Total: 0

Other Threads:
  0x0000016afd476a50 WorkerThread "GC Thread#0"                     [id=22576, stack(0x0000005d63800000,0x0000005d63900000) (1024K)]
  0x0000016afd491f90 ConcurrentGCThread "G1 Main Marker"            [id=35668, stack(0x0000005d63900000,0x0000005d63a00000) (1024K)]
  0x0000016afd4932d0 WorkerThread "G1 Conc#0"                       [id=33504, stack(0x0000005d63a00000,0x0000005d63b00000) (1024K)]

[error occurred during error reporting (printing all threads), id 0xc0000005, EXCEPTION_ACCESS_VIOLATION (0xc0000005) at pc=0x00007ffdc53f0caa]
VM state: not at safepoint (not fully initialized)

VM Mutex/Monitor currently owned by a thread:  ([mutex/lock_event])
[0x00007ffdc5e61d10] Heap_lock - owner thread: 0x0000016afb089750

Heap address: 0x0000000701c00000, size: 4068 MB, Compressed Oops mode: Zero based, Oop shift amount: 3

CDS archive(s) mapped at: [0x0000000000000000-0x0000000000000000-0x0000000000000000), size 0, SharedBaseAddress: 0x0000000800000000, ArchiveRelocationMode: 1.
UseCompressedClassPointers 1, UseCompactObjectHeaders 0
Narrow klass pointer bits 32, Max shift 3
Narrow klass base: 0xffffffffffffffff, Narrow klass shift: -1
Encoding Range: [0xffffffffffffffff - 0x000000007fffffff), (2147483648 bytes)
Klass Range:    [0x0000000000000000 - 0x0000000000000000), (0 bytes)
Klass ID Range:  [4294967295 - 0) (1)
No protection zone.

GC Precious Log:
 CardTable entry size: 512
 Card Set container configuration: InlinePtr #cards 4 size 8 Array Of Cards #cards 16 size 48 Howl #buckets 8 coarsen threshold 3686 Howl Bitmap #cards 512 size 80 coarsen threshold 460 Card regions per heap region 1 cards per card region 4096

Heap:
 garbage-first heap   total reserved 4165632K, committed 0K, used 0K [0x0000000701c00000, 0x0000000800000000)
  region size 2048K, 0 young (0K), 0 survivors (0K)

Heap Regions: E=young(eden), S=young(survivor), O=old, HS=humongous(starts), HC=humongous(continues), CS=collection set, F=free, TAMS=top-at-mark-start, PB=parsable bottom

Card table byte_map: [0x0000016afdcc0000,0x0000016afe4c0000] _byte_map_base: 0x0000016afa4b2000

Marking Bits: (CMBitMap*) 0x0000016afd4781f0
 Bits: [0x0000016a93340000, 0x0000016a972d0000)

GC Heap Usage History (0 events):
No events

Metaspace Usage History (0 events):
No events

Dll operation events (1 events):
Event: 0.018 Loaded shared library C:\Program Files\JetBrains\WebStorm 2026.1.1\jbr\bin\java.dll

Deoptimization events (0 events):
No events

Classes loaded (0 events):
No events

Classes unloaded (0 events):
No events

Classes redefined (0 events):
No events

Internal exceptions (0 events):
No events

VM Operations (0 events):
No events

Memory protections (0 events):
No events

Nmethod flushes (0 events):
No events

Events (0 events):
No events


Dynamic libraries:
0x00007ff7db1e0000 - 0x00007ff7db1ea000 	C:\Program Files\JetBrains\WebStorm 2026.1.1\jbr\bin\java.exe
0x00007ffe75ee0000 - 0x00007ffe76143000 	C:\WINDOWS\SYSTEM32\ntdll.dll
0x00007ffe742a0000 - 0x00007ffe74367000 	C:\WINDOWS\System32\KERNEL32.DLL
0x00007ffe73340000 - 0x00007ffe73707000 	C:\WINDOWS\System32\KERNELBASE.dll
0x00007ffe6c940000 - 0x00007ffe6c9dc000 	C:\WINDOWS\SYSTEM32\apphelp.dll
0x00007ffe73aa0000 - 0x00007ffe73bec000 	C:\WINDOWS\System32\ucrtbase.dll
0x00007ffe243d0000 - 0x00007ffe243ee000 	C:\Program Files\JetBrains\WebStorm 2026.1.1\jbr\bin\VCRUNTIME140.dll
0x00007ffe4d3b0000 - 0x00007ffe4d3c7000 	C:\Program Files\JetBrains\WebStorm 2026.1.1\jbr\bin\jli.dll
0x00007ffe743d0000 - 0x00007ffe74599000 	C:\WINDOWS\System32\USER32.dll
0x00007ffe5d250000 - 0x00007ffe5d4e0000 	C:\WINDOWS\WinSxS\amd64_microsoft.windows.common-controls_6595b64144ccf1df_6.0.26100.3037_none_3e09262ce333c378\COMCTL32.dll
0x00007ffe73710000 - 0x00007ffe73737000 	C:\WINDOWS\System32\win32u.dll
0x00007ffe75580000 - 0x00007ffe75629000 	C:\WINDOWS\System32\msvcrt.dll
0x00007ffe747b0000 - 0x00007ffe747da000 	C:\WINDOWS\System32\GDI32.dll
0x00007ffe73bf0000 - 0x00007ffe73d1b000 	C:\WINDOWS\System32\gdi32full.dll
0x00007ffe737e0000 - 0x00007ffe73883000 	C:\WINDOWS\System32\msvcp_win.dll
0x00007ffe75a40000 - 0x00007ffe75a6f000 	C:\WINDOWS\System32\IMM32.DLL
0x00007ffe38020000 - 0x00007ffe3802c000 	C:\Program Files\JetBrains\WebStorm 2026.1.1\jbr\bin\vcruntime140_1.dll
0x00007ffe269c0000 - 0x00007ffe26a49000 	C:\Program Files\JetBrains\WebStorm 2026.1.1\jbr\bin\msvcp140.dll
0x00007ffdc5010000 - 0x00007ffdc5f62000 	C:\Program Files\JetBrains\WebStorm 2026.1.1\jbr\bin\server\jvm.dll
0x00007ffe75b70000 - 0x00007ffe75c24000 	C:\WINDOWS\System32\ADVAPI32.dll
0x00007ffe74940000 - 0x00007ffe749e6000 	C:\WINDOWS\System32\sechost.dll
0x00007ffe75c90000 - 0x00007ffe75da6000 	C:\WINDOWS\System32\RPCRT4.dll
0x00007ffe759c0000 - 0x00007ffe75a34000 	C:\WINDOWS\System32\WS2_32.dll
0x00007ffe73110000 - 0x00007ffe7315e000 	C:\WINDOWS\SYSTEM32\POWRPROF.dll
0x00007ffe59a10000 - 0x00007ffe59a46000 	C:\WINDOWS\SYSTEM32\WINMM.dll
0x00007ffe70190000 - 0x00007ffe7019b000 	C:\WINDOWS\SYSTEM32\VERSION.dll
0x00007ffe730f0000 - 0x00007ffe73104000 	C:\WINDOWS\SYSTEM32\UMPDC.dll
0x00007ffe720b0000 - 0x00007ffe720ca000 	C:\WINDOWS\SYSTEM32\kernel.appcore.dll
0x00007ffe371a0000 - 0x00007ffe371aa000 	C:\Program Files\JetBrains\WebStorm 2026.1.1\jbr\bin\jimage.dll
0x00007ffe70d50000 - 0x00007ffe70f91000 	C:\WINDOWS\SYSTEM32\DBGHELP.DLL
0x00007ffe75630000 - 0x00007ffe759ae000 	C:\WINDOWS\System32\combase.dll
0x00007ffe73d20000 - 0x00007ffe73df6000 	C:\WINDOWS\System32\OLEAUT32.dll
0x00007ffe54000000 - 0x00007ffe54039000 	C:\WINDOWS\SYSTEM32\dbgcore.DLL
0x00007ffe73740000 - 0x00007ffe737d9000 	C:\WINDOWS\System32\bcryptPrimitives.dll
0x00007ffe1dd20000 - 0x00007ffe1dd3f000 	C:\Program Files\JetBrains\WebStorm 2026.1.1\jbr\bin\java.dll
0x00007ffe74c50000 - 0x00007ffe74de5000 	C:\WINDOWS\System32\ole32.dll
0x00007ffe74df0000 - 0x00007ffe754f4000 	C:\WINDOWS\System32\SHELL32.dll

JVMTI agents: none

dbghelp: loaded successfully - version: 4.0.5 - missing functions: none
symbol engine: initialized successfully - sym options: 0x614 - pdb path: .;C:\Program Files\JetBrains\WebStorm 2026.1.1\jbr\bin;C:\WINDOWS\SYSTEM32;C:\WINDOWS\WinSxS\amd64_microsoft.windows.common-controls_6595b64144ccf1df_6.0.26100.3037_none_3e09262ce333c378;C:\Program Files\JetBrains\WebStorm 2026.1.1\jbr\bin\server

VM Arguments:
java_command: git4idea.http.GitAskPassApp Username for 'https://github.com': 
java_class_path (initial): C:/Program Files/JetBrains/WebStorm 2026.1.1/plugins/vcs-git/lib/git4idea-rt.jar;C:/Program Files/JetBrains/WebStorm 2026.1.1/lib/externalProcess-rt.jar
Launcher Type: SUN_STANDARD

[Global flags]
     intx CICompilerCount                          = 3                                         {product} {ergonomic}
     uint ConcGCThreads                            = 1                                         {product} {ergonomic}
     uint G1ConcRefinementThreads                  = 4                                         {product} {ergonomic}
   size_t G1HeapRegionSize                         = 2097152                                   {product} {ergonomic}
   size_t InitialHeapSize                          = 268435456                                 {product} {ergonomic}
   size_t MarkStackSize                            = 4194304                                   {product} {ergonomic}
   size_t MarkStackSizeMax                         = 536870912                                 {product} {ergonomic}
   size_t MaxHeapSize                              = 4265607168                                {product} {ergonomic}
   size_t MinHeapDeltaBytes                        = 2097152                                   {product} {ergonomic}
   size_t MinHeapSize                              = 8388608                                   {product} {ergonomic}
    uintx NonNMethodCodeHeapSize                   = 5832704                                {pd product} {ergonomic}
    uintx NonProfiledCodeHeapSize                  = 122945536                              {pd product} {ergonomic}
    uintx ProfiledCodeHeapSize                     = 122880000                              {pd product} {ergonomic}
    uintx ReservedCodeCacheSize                    = 251658240                              {pd product} {ergonomic}
     bool SegmentedCodeCache                       = true                                      {product} {ergonomic}
   size_t SoftMaxHeapSize                          = 4265607168                             {manageable} {ergonomic}
     bool UseCompressedOops                        = true                           {product lp64_product} {ergonomic}
     bool UseG1GC                                  = true                                      {product} {ergonomic}
     bool UseLargePagesIndividualAllocation        = false                                  {pd product} {ergonomic}

Logging:
Log output configuration:
 #0: stdout all=warning uptime,level,tags foldmultilines=false
 #1: stderr all=off uptime,level,tags foldmultilines=false

Release file:
<release file has not been read>
Environment Variables:
PATH=C:/Program Files/Git/mingw64/libexec/git-core;C:/Program Files/Git/mingw64/libexec/git-core;C:\Program Files\Git\mingw64\bin;C:\Program Files\Git\usr\bin;C:\Users\hp\bin;C:\WINDOWS\system32;C:\WINDOWS;C:\WINDOWS\System32\Wbem;C:\WINDOWS\System32\WindowsPowerShell\v1.0\;C:\WINDOWS\System32\OpenSSH\;C:\Program Files\dotnet\;C:\laragon\bin\php\php-8.1.10-Win32-vs16-x64;C:\Users\hp\.config\herd\bin\nvm;C:\Program Files\nodejs;C:\WINDOWS\system32;C:\WINDOWS;C:\WINDOWS\System32\Wbem;C:\WINDOWS\System32\WindowsPowerShell\v1.0\;C:\WINDOWS\System32\OpenSSH\;C:\Program Files\nodejs\;C:\Program Files\Git\cmd;C:\ProgramData\ComposerSetup\bin;C:\laragon\bin\composer;C:\laragon\bin\git\bin;C:\laragon\bin\git\cmd;C:\laragon\bin\git\mingw64\bin;C:\laragon\bin\git\usr\bin;C:\laragon\bin\mysql\mysql-8.4.3-winx64\bin;C:\laragon\bin\ngrok;C:\laragon\bin\nodejs\node-v22;C:\laragon\bin\php\php-8.3.16-Win32-vs16-x64;C:\laragon\bin\python\python-3.13;C:\laragon\bin\python\python-3.13\Scripts;C:\laragon\usr\bin;C:\Users\hp\AppData\Local\Yarn\config\global\node_modules\.bin;C:\Users\hp\AppData\Roaming\Composer\vendor\bin;C:\Users\hp\AppData\Roaming\npm;C:\Users\hp\.cargo\bin;C:\Users\hp\.console-ninja\.bin;C:\Users\hp\AppData\Local\Programs\Python\Launcher\;C:\Users\hp\AppData\Local\Microsoft\WindowsApps;C:\Users\hp\AppData\Local\Programs\Microsoft VS Code\bin;C:\Users\hp\AppData\Local\Programs\Warp\bin
USERNAME=hp
DISPLAY=:0.0
LC_ALL=en_US.UTF-8
TERM=xterm-256color
TMPDIR=C:\Users\hp\AppData\Local\Temp
OS=Windows_NT
PROCESSOR_IDENTIFIER=Intel64 Family 6 Model 78 Stepping 3, GenuineIntel
TMP=C:\Users\hp\AppData\Local\Temp
TEMP=C:\Users\hp\AppData\Local\Temp




Compilation memory statistics disabled.

Periodic native trim disabled

JNI global refs:
JNI global refs: 0, weak refs: 0

JNI global refs memory usage: 0, weak refs: 0

Process memory usage:
Resident Set Size: 15000K (0% of 16654948K total physical memory with 1900708K free physical memory)

OOME stack traces (most recent first):
Classloader memory used:

---------------  S Y S T E M  ---------------

OS:
 Windows 11 , 64 bit Build 26100 (10.0.26100.3037)
OS uptime: 3 days 4:11 hours

CPU: total 4 (initial active 4) (2 cores per cpu, 2 threads per core) family 6 model 78 stepping 3 microcode 0xf0, cx8, cmov, fxsr, ht, mmx, 3dnowpref, sse, sse2, sse3, ssse3, sse4.1, sse4.2, popcnt, lzcnt, tsc, tscinvbit, avx, avx2, aes, erms, clmul, bmi1, bmi2, rtm, adx, fma, vzeroupper, clflush, clflushopt, rdtscp, f16c
Processor Information for the first 4 processors :
  Max Mhz: 2496, Current Mhz: 2396, Mhz Limit: 2396

Memory: 4k page, system-wide physical 16264M (1856M free)
TotalPageFile size 23894M (AvailPageFile size 99M)
current process WorkingSet (physical memory assigned to process): 14M, peak: 14M
current process commit charge ("private bytes"): 52M, peak: 308M

vm_info: OpenJDK 64-Bit Server VM (25.0.2+1-b329.117) for windows-amd64 JRE (25.0.2+1-b329.117), built on 2026-04-20 with MS VC++ 17.14 (VS2022)

END.
